[INFO] Scanning for projects...
[INFO] 
[INFO] ------------------< com.alumniconnect:alumni-connect >------------------
[INFO] Building Alumni Connect 1.0.0
[INFO]   from pom.xml
[INFO] --------------------------------[ jar ]---------------------------------
[INFO] 
[INFO] >>> spring-boot:3.2.0:run (default-cli) > test-compile @ alumni-connect >>>
[INFO] 
[INFO] --- resources:3.3.1:resources (default-resources) @ alumni-connect ---
[INFO] Copying 3 resources from src\main\resources to target\classes
[INFO] Copying 14 resources from src\main\resources to target\classes
[INFO] 
[INFO] --- compiler:3.11.0:compile (default-compile) @ alumni-connect ---
[INFO] Nothing to compile - all classes are up to date
[INFO] 
[INFO] --- resources:3.3.1:testResources (default-testResources) @ alumni-connect ---
[INFO] skip non existing resourceDirectory C:\Users\pranj\OneDrive\Desktop\FinalYear_FinalProject\Campus Connect\backend\src\test\resources
[INFO] 
[INFO] --- compiler:3.11.0:testCompile (default-testCompile) @ alumni-connect ---
[INFO] Nothing to compile - all classes are up to date
[INFO] 
[INFO] <<< spring-boot:3.2.0:run (default-cli) < test-compile @ alumni-connect <<<
[INFO] 
[INFO] 
[INFO] --- spring-boot:3.2.0:run (default-cli) @ alumni-connect ---
[INFO] Attaching agents: []

  .   ____          _            __ _ _
 /\\ / ___'_ __ _ _(_)_ __  __ _ \ \ \ \
( ( )\___ | '_ | '_| | '_ \/ _` | \ \ \ \
 \\/  ___)| |_)| | | | | || (_| |  ) ) ) )
  '  |____| .__|_| |_|_| |_\__, | / / / /
 =========|_|==============|___/=/_/_/_/
 :: Spring Boot ::                (v3.2.0)

2026-03-24T18:57:49.310+05:30  INFO 2828 --- [alumni-connect] [           main] c.a.AlumniConnectApplication             : Starting AlumniConnectApplication using Java 25.0.1 with PID 2828 (C:\Users\pranj\OneDrive\Desktop\FinalYear_FinalProject\Campus Connect\backend\target\classes started by pranj in C:\Users\pranj\OneDrive\Desktop\FinalYear_FinalProject\Campus Connect\backend)
2026-03-24T18:57:49.313+05:30  INFO 2828 --- [alumni-connect] [           main] c.a.AlumniConnectApplication             : The following 1 profile is active: "dev"
2026-03-24T18:57:51.199+05:30  INFO 2828 --- [alumni-connect] [           main] .s.d.r.c.RepositoryConfigurationDelegate : Bootstrapping Spring Data JPA repositories in DEFAULT mode.
2026-03-24T18:57:51.482+05:30  INFO 2828 --- [alumni-connect] [           main] .s.d.r.c.RepositoryConfigurationDelegate : Finished Spring Data repository scanning in 272 ms. Found 13 JPA repository interfaces.
WARNING: A restricted method in java.lang.System has been called
WARNING: java.lang.System::load has been called by org.apache.tomcat.jni.Library in an unnamed module (file:/C:/Users/pranj/.m2/repository/org/apache/tomcat/embed/tomcat-embed-core/10.1.16/tomcat-embed-core-10.1.16.jar)
WARNING: Use --enable-native-access=ALL-UNNAMED to avoid a warning for callers in this module
WARNING: Restricted methods will be blocked in a future release unless native access is enabled

2026-03-24T18:57:53.119+05:30  INFO 2828 --- [alumni-connect] [           main] o.s.b.w.embedded.tomcat.TomcatWebServer  : Tomcat initialized with port 8080 (http)
2026-03-24T18:57:53.134+05:30  INFO 2828 --- [alumni-connect] [           main] o.apache.catalina.core.StandardService   : Starting service [Tomcat]
2026-03-24T18:57:53.134+05:30  INFO 2828 --- [alumni-connect] [           main] o.apache.catalina.core.StandardEngine    : Starting Servlet engine: [Apache Tomcat/10.1.16]
2026-03-24T18:57:53.253+05:30  INFO 2828 --- [alumni-connect] [           main] o.a.c.c.C.[Tomcat].[localhost].[/]       : Initializing Spring embedded WebApplicationContext
2026-03-24T18:57:53.254+05:30  INFO 2828 --- [alumni-connect] [           main] w.s.c.ServletWebServerApplicationContext : Root WebApplicationContext: initialization completed in 3855 ms
2026-03-24T18:57:53.827+05:30 DEBUG 2828 --- [alumni-connect] [           main] com.zaxxer.hikari.HikariConfig           : Driver class com.mysql.cj.jdbc.Driver found in Thread context class loader TomcatEmbeddedWebappClassLoader
  context: ROOT
  delegate: true
----------> Parent Classloader:
jdk.internal.loader.ClassLoaders$AppClassLoader@105be200

2026-03-24T18:57:53.882+05:30 DEBUG 2828 --- [alumni-connect] [           main] com.zaxxer.hikari.HikariConfig           : HikariPool-1 - configuration:
2026-03-24T18:57:53.885+05:30 DEBUG 2828 --- [alumni-connect] [           main] com.zaxxer.hikari.HikariConfig           : allowPoolSuspension.............false
2026-03-24T18:57:53.886+05:30 DEBUG 2828 --- [alumni-connect] [           main] com.zaxxer.hikari.HikariConfig           : autoCommit......................true
2026-03-24T18:57:53.886+05:30 DEBUG 2828 --- [alumni-connect] [           main] com.zaxxer.hikari.HikariConfig           : catalog.........................none
2026-03-24T18:57:53.886+05:30 DEBUG 2828 --- [alumni-connect] [           main] com.zaxxer.hikari.HikariConfig           : connectionInitSql...............none
2026-03-24T18:57:53.886+05:30 DEBUG 2828 --- [alumni-connect] [           main] com.zaxxer.hikari.HikariConfig           : connectionTestQuery.............none
2026-03-24T18:57:53.887+05:30 DEBUG 2828 --- [alumni-connect] [           main] com.zaxxer.hikari.HikariConfig           : connectionTimeout...............30000
2026-03-24T18:57:53.888+05:30 DEBUG 2828 --- [alumni-connect] [           main] com.zaxxer.hikari.HikariConfig           : dataSource......................none
2026-03-24T18:57:53.889+05:30 DEBUG 2828 --- [alumni-connect] [           main] com.zaxxer.hikari.HikariConfig           : dataSourceClassName.............none
2026-03-24T18:57:53.890+05:30 DEBUG 2828 --- [alumni-connect] [           main] com.zaxxer.hikari.HikariConfig           : dataSourceJNDI..................none
2026-03-24T18:57:53.890+05:30 DEBUG 2828 --- [alumni-connect] [           main] com.zaxxer.hikari.HikariConfig           : dataSourceProperties............{password=<masked>}
2026-03-24T18:57:53.891+05:30 DEBUG 2828 --- [alumni-connect] [           main] com.zaxxer.hikari.HikariConfig           : driverClassName................."com.mysql.cj.jdbc.Driver"
2026-03-24T18:57:53.891+05:30 DEBUG 2828 --- [alumni-connect] [           main] com.zaxxer.hikari.HikariConfig           : exceptionOverrideClassName......none
2026-03-24T18:57:53.891+05:30 DEBUG 2828 --- [alumni-connect] [           main] com.zaxxer.hikari.HikariConfig           : healthCheckProperties...........{}
2026-03-24T18:57:53.891+05:30 DEBUG 2828 --- [alumni-connect] [           main] com.zaxxer.hikari.HikariConfig           : healthCheckRegistry.............none
2026-03-24T18:57:53.892+05:30 DEBUG 2828 --- [alumni-connect] [           main] com.zaxxer.hikari.HikariConfig           : idleTimeout.....................600000
2026-03-24T18:57:53.892+05:30 DEBUG 2828 --- [alumni-connect] [           main] com.zaxxer.hikari.HikariConfig           : initializationFailTimeout.......1
2026-03-24T18:57:53.892+05:30 DEBUG 2828 --- [alumni-connect] [           main] com.zaxxer.hikari.HikariConfig           : isolateInternalQueries..........false
2026-03-24T18:57:53.892+05:30 DEBUG 2828 --- [alumni-connect] [           main] com.zaxxer.hikari.HikariConfig           : jdbcUrl.........................jdbc:mysql://localhost:3306/alumni_connect
2026-03-24T18:57:53.892+05:30 DEBUG 2828 --- [alumni-connect] [           main] com.zaxxer.hikari.HikariConfig           : keepaliveTime...................0
2026-03-24T18:57:53.892+05:30 DEBUG 2828 --- [alumni-connect] [           main] com.zaxxer.hikari.HikariConfig           : leakDetectionThreshold..........2000
2026-03-24T18:57:53.893+05:30 DEBUG 2828 --- [alumni-connect] [           main] com.zaxxer.hikari.HikariConfig           : maxLifetime.....................1800000
2026-03-24T18:57:53.893+05:30 DEBUG 2828 --- [alumni-connect] [           main] com.zaxxer.hikari.HikariConfig           : maximumPoolSize.................20
2026-03-24T18:57:53.893+05:30 DEBUG 2828 --- [alumni-connect] [           main] com.zaxxer.hikari.HikariConfig           : metricRegistry..................none
2026-03-24T18:57:53.893+05:30 DEBUG 2828 --- [alumni-connect] [           main] com.zaxxer.hikari.HikariConfig           : metricsTrackerFactory...........none
2026-03-24T18:57:53.893+05:30 DEBUG 2828 --- [alumni-connect] [           main] com.zaxxer.hikari.HikariConfig           : minimumIdle.....................20
2026-03-24T18:57:53.894+05:30 DEBUG 2828 --- [alumni-connect] [           main] com.zaxxer.hikari.HikariConfig           : password........................<masked>
2026-03-24T18:57:53.894+05:30 DEBUG 2828 --- [alumni-connect] [           main] com.zaxxer.hikari.HikariConfig           : poolName........................"HikariPool-1"
2026-03-24T18:57:53.894+05:30 DEBUG 2828 --- [alumni-connect] [           main] com.zaxxer.hikari.HikariConfig           : readOnly........................false
2026-03-24T18:57:53.894+05:30 DEBUG 2828 --- [alumni-connect] [           main] com.zaxxer.hikari.HikariConfig           : registerMbeans..................false
2026-03-24T18:57:53.894+05:30 DEBUG 2828 --- [alumni-connect] [           main] com.zaxxer.hikari.HikariConfig           : scheduledExecutor...............none
2026-03-24T18:57:53.895+05:30 DEBUG 2828 --- [alumni-connect] [           main] com.zaxxer.hikari.HikariConfig           : schema..........................none
2026-03-24T18:57:53.895+05:30 DEBUG 2828 --- [alumni-connect] [           main] com.zaxxer.hikari.HikariConfig           : threadFactory...................internal
2026-03-24T18:57:53.896+05:30 DEBUG 2828 --- [alumni-connect] [           main] com.zaxxer.hikari.HikariConfig           : transactionIsolation............default
2026-03-24T18:57:53.896+05:30 DEBUG 2828 --- [alumni-connect] [           main] com.zaxxer.hikari.HikariConfig           : username........................"root"
2026-03-24T18:57:53.896+05:30 DEBUG 2828 --- [alumni-connect] [           main] com.zaxxer.hikari.HikariConfig           : validationTimeout...............5000
2026-03-24T18:57:53.896+05:30  INFO 2828 --- [alumni-connect] [           main] com.zaxxer.hikari.HikariDataSource       : HikariPool-1 - Starting...
2026-03-24T18:57:54.414+05:30  INFO 2828 --- [alumni-connect] [           main] com.zaxxer.hikari.pool.HikariPool        : HikariPool-1 - Added connection com.mysql.cj.jdbc.ConnectionImpl@6f6f65a4
2026-03-24T18:57:54.417+05:30  INFO 2828 --- [alumni-connect] [           main] com.zaxxer.hikari.HikariDataSource       : HikariPool-1 - Start completed.
2026-03-24T18:57:54.518+05:30 DEBUG 2828 --- [alumni-connect] [l-1 housekeeper] com.zaxxer.hikari.pool.HikariPool        : HikariPool-1 - Pool stats (total=1, active=0, idle=1, waiting=0)
2026-03-24T18:57:54.550+05:30 DEBUG 2828 --- [alumni-connect] [onnection adder] com.zaxxer.hikari.pool.HikariPool        : HikariPool-1 - Added connection com.mysql.cj.jdbc.ConnectionImpl@4d4d7696
2026-03-24T18:57:54.566+05:30  INFO 2828 --- [alumni-connect] [           main] o.f.c.internal.license.VersionPrinter    : Flyway Community Edition 9.22.3 by Redgate
2026-03-24T18:57:54.566+05:30  INFO 2828 --- [alumni-connect] [           main] o.f.c.internal.license.VersionPrinter    : See release notes here: https://rd.gt/416ObMi
2026-03-24T18:57:54.566+05:30  INFO 2828 --- [alumni-connect] [           main] o.f.c.internal.license.VersionPrinter    : 
2026-03-24T18:57:54.593+05:30 DEBUG 2828 --- [alumni-connect] [onnection adder] com.zaxxer.hikari.pool.HikariPool        : HikariPool-1 - Added connection com.mysql.cj.jdbc.ConnectionImpl@1be95b9c
2026-03-24T18:57:54.603+05:30  INFO 2828 --- [alumni-connect] [           main] org.flywaydb.core.FlywayExecutor         : Database: jdbc:mysql://localhost:3306/alumni_connect (MySQL 8.0)
2026-03-24T18:57:54.642+05:30 DEBUG 2828 --- [alumni-connect] [onnection adder] com.zaxxer.hikari.pool.HikariPool        : HikariPool-1 - Added connection com.mysql.cj.jdbc.ConnectionImpl@63450e33
2026-03-24T18:57:54.681+05:30 DEBUG 2828 --- [alumni-connect] [onnection adder] com.zaxxer.hikari.pool.HikariPool        : HikariPool-1 - Added connection com.mysql.cj.jdbc.ConnectionImpl@333e63b7
2026-03-24T18:57:54.707+05:30  INFO 2828 --- [alumni-connect] [           main] o.f.core.internal.command.DbValidate     : Successfully validated 14 migrations (execution time 00:00.063s)
2026-03-24T18:57:54.722+05:30 DEBUG 2828 --- [alumni-connect] [onnection adder] com.zaxxer.hikari.pool.HikariPool        : HikariPool-1 - Added connection com.mysql.cj.jdbc.ConnectionImpl@4d2ea6f5
2026-03-24T18:57:54.738+05:30  INFO 2828 --- [alumni-connect] [           main] o.f.core.internal.command.DbMigrate      : Current version of schema `alumni_connect`: 14
2026-03-24T18:57:54.742+05:30  INFO 2828 --- [alumni-connect] [           main] o.f.core.internal.command.DbMigrate      : Schema `alumni_connect` is up to date. No migration necessary.
2026-03-24T18:57:54.773+05:30 DEBUG 2828 --- [alumni-connect] [onnection adder] com.zaxxer.hikari.pool.HikariPool        : HikariPool-1 - Added connection com.mysql.cj.jdbc.ConnectionImpl@5b0b0f59
2026-03-24T18:57:54.811+05:30 DEBUG 2828 --- [alumni-connect] [onnection adder] com.zaxxer.hikari.pool.HikariPool        : HikariPool-1 - Added connection com.mysql.cj.jdbc.ConnectionImpl@479ff27
2026-03-24T18:57:54.846+05:30 DEBUG 2828 --- [alumni-connect] [onnection adder] com.zaxxer.hikari.pool.HikariPool        : HikariPool-1 - Added connection com.mysql.cj.jdbc.ConnectionImpl@295556c2
2026-03-24T18:57:54.884+05:30 DEBUG 2828 --- [alumni-connect] [onnection adder] com.zaxxer.hikari.pool.HikariPool        : HikariPool-1 - Added connection com.mysql.cj.jdbc.ConnectionImpl@19c77b59
2026-03-24T18:57:54.922+05:30 DEBUG 2828 --- [alumni-connect] [onnection adder] com.zaxxer.hikari.pool.HikariPool        : HikariPool-1 - Added connection com.mysql.cj.jdbc.ConnectionImpl@fbdf6c3
2026-03-24T18:57:54.945+05:30  INFO 2828 --- [alumni-connect] [           main] o.hibernate.jpa.internal.util.LogHelper  : HHH000204: Processing PersistenceUnitInfo [name: default]
2026-03-24T18:57:54.961+05:30 DEBUG 2828 --- [alumni-connect] [onnection adder] com.zaxxer.hikari.pool.HikariPool        : HikariPool-1 - Added connection com.mysql.cj.jdbc.ConnectionImpl@1e0a13d6
2026-03-24T18:57:55.002+05:30 DEBUG 2828 --- [alumni-connect] [onnection adder] com.zaxxer.hikari.pool.HikariPool        : HikariPool-1 - Added connection com.mysql.cj.jdbc.ConnectionImpl@184c93d0
2026-03-24T18:57:55.029+05:30  INFO 2828 --- [alumni-connect] [           main] org.hibernate.Version                    : HHH000412: Hibernate ORM core version 6.3.1.Final
2026-03-24T18:57:55.040+05:30 DEBUG 2828 --- [alumni-connect] [onnection adder] com.zaxxer.hikari.pool.HikariPool        : HikariPool-1 - Added connection com.mysql.cj.jdbc.ConnectionImpl@4767bccb
2026-03-24T18:57:55.077+05:30 DEBUG 2828 --- [alumni-connect] [onnection adder] com.zaxxer.hikari.pool.HikariPool        : HikariPool-1 - Added connection com.mysql.cj.jdbc.ConnectionImpl@78622c35
2026-03-24T18:57:55.083+05:30  INFO 2828 --- [alumni-connect] [           main] o.h.c.internal.RegionFactoryInitiator    : HHH000026: Second-level cache disabled
2026-03-24T18:57:55.116+05:30 DEBUG 2828 --- [alumni-connect] [onnection adder] com.zaxxer.hikari.pool.HikariPool        : HikariPool-1 - Added connection com.mysql.cj.jdbc.ConnectionImpl@45150f8
2026-03-24T18:57:55.153+05:30 DEBUG 2828 --- [alumni-connect] [onnection adder] com.zaxxer.hikari.pool.HikariPool        : HikariPool-1 - Added connection com.mysql.cj.jdbc.ConnectionImpl@fb6f8e
2026-03-24T18:57:55.188+05:30 DEBUG 2828 --- [alumni-connect] [onnection adder] com.zaxxer.hikari.pool.HikariPool        : HikariPool-1 - Added connection com.mysql.cj.jdbc.ConnectionImpl@420dbc6d
2026-03-24T18:57:55.225+05:30 DEBUG 2828 --- [alumni-connect] [onnection adder] com.zaxxer.hikari.pool.HikariPool        : HikariPool-1 - Added connection com.mysql.cj.jdbc.ConnectionImpl@2a67f886
2026-03-24T18:57:55.257+05:30 DEBUG 2828 --- [alumni-connect] [onnection adder] com.zaxxer.hikari.pool.HikariPool        : HikariPool-1 - Added connection com.mysql.cj.jdbc.ConnectionImpl@660c9cde
2026-03-24T18:57:55.269+05:30 DEBUG 2828 --- [alumni-connect] [onnection adder] com.zaxxer.hikari.pool.HikariPool        : HikariPool-1 - After adding stats (total=20, active=0, idle=20, waiting=0)
2026-03-24T18:57:55.419+05:30  INFO 2828 --- [alumni-connect] [           main] o.s.o.j.p.SpringPersistenceUnitInfo      : No LoadTimeWeaver setup: ignoring JPA class transformer
2026-03-24T18:57:55.502+05:30  WARN 2828 --- [alumni-connect] [           main] org.hibernate.orm.deprecation            : HHH90000025: MySQLDialect does not need to be specified explicitly using 'hibernate.dialect' (remove the property setting and it will be selected by default)
2026-03-24T18:57:57.233+05:30  INFO 2828 --- [alumni-connect] [           main] o.h.e.t.j.p.i.JtaPlatformInitiator       : HHH000489: No JTA platform available (set 'hibernate.transaction.jta.platform' to enable JTA platform integration)
2026-03-24T18:57:57.298+05:30  INFO 2828 --- [alumni-connect] [           main] j.LocalContainerEntityManagerFactoryBean : Initialized JPA EntityManagerFactory for persistence unit 'default'
2026-03-24T18:57:58.224+05:30  INFO 2828 --- [alumni-connect] [           main] o.s.d.j.r.query.QueryEnhancerFactory     : Hibernate is in classpath; If applicable, HQL parser will be used.
WARNING: A terminally deprecated method in sun.misc.Unsafe has been called
WARNING: sun.misc.Unsafe::objectFieldOffset has been called by io.netty.util.internal.PlatformDependent0$4 (file:/C:/Users/pranj/.m2/repository/io/netty/netty-common/4.1.101.Final/netty-common-4.1.101.Final.jar)
WARNING: Please consider reporting this to the maintainers of class io.netty.util.internal.PlatformDependent0$4
WARNING: sun.misc.Unsafe::objectFieldOffset will be removed in a future release
2026-03-24T18:58:01.778+05:30  WARN 2828 --- [alumni-connect] [           main] JpaBaseConfiguration$JpaWebConfiguration : spring.jpa.open-in-view is enabled by default. Therefore, database queries may be performed during view rendering. Explicitly configure spring.jpa.open-in-view to disable this warning
2026-03-24T18:58:02.752+05:30  INFO 2828 --- [alumni-connect] [           main] o.s.b.a.e.web.EndpointLinksResolver      : Exposing 3 endpoint(s) beneath base path '/actuator'
2026-03-24T18:58:02.937+05:30  INFO 2828 --- [alumni-connect] [           main] o.s.s.web.DefaultSecurityFilterChain     : Will secure any request with [org.springframework.security.web.session.DisableEncodeUrlFilter@6293efd1, org.springframework.security.web.context.request.async.WebAsyncManagerIntegrationFilter@2d7b31e2, org.springframework.security.web.context.SecurityContextHolderFilter@242d4a16, org.springframework.security.web.header.HeaderWriterFilter@1694ba0b, org.springframework.web.filter.CorsFilter@41539ee7, org.springframework.security.web.authentication.logout.LogoutFilter@1469d2e2, com.alumniconnect.security.JwtAuthenticationFilter@7ddf7e77, org.springframework.security.web.savedrequest.RequestCacheAwareFilter@6955ac2d, org.springframework.security.web.servletapi.SecurityContextHolderAwareRequestFilter@396258af, org.springframework.security.web.authentication.AnonymousAuthenticationFilter@59b0402, org.springframework.security.web.session.SessionManagementFilter@612e3191, org.springframework.security.web.access.ExceptionTranslationFilter@6dc31cfb, org.springframework.security.web.access.intercept.AuthorizationFilter@4a641b4f]
2026-03-24T18:58:06.726+05:30  WARN 2828 --- [alumni-connect] [           main] ConfigServletWebServerApplicationContext : Exception encountered during context initialization - cancelling refresh attempt: org.springframework.context.ApplicationContextException: Failed to start bean 'webServerStartStop'
2026-03-24T18:58:06.745+05:30  INFO 2828 --- [alumni-connect] [           main] j.LocalContainerEntityManagerFactoryBean : Closing JPA EntityManagerFactory for persistence unit 'default'
2026-03-24T18:58:06.749+05:30  INFO 2828 --- [alumni-connect] [           main] com.zaxxer.hikari.HikariDataSource       : HikariPool-1 - Shutdown initiated...
2026-03-24T18:58:06.749+05:30 DEBUG 2828 --- [alumni-connect] [           main] com.zaxxer.hikari.pool.HikariPool        : HikariPool-1 - Before shutdown stats (total=20, active=0, idle=20, waiting=0)
2026-03-24T18:58:06.751+05:30 DEBUG 2828 --- [alumni-connect] [nnection closer] com.zaxxer.hikari.pool.PoolBase          : HikariPool-1 - Closing connection com.mysql.cj.jdbc.ConnectionImpl@6f6f65a4: (connection evicted)
2026-03-24T18:58:06.754+05:30 DEBUG 2828 --- [alumni-connect] [nnection closer] com.zaxxer.hikari.pool.PoolBase          : HikariPool-1 - Closing connection com.mysql.cj.jdbc.ConnectionImpl@4d4d7696: (connection evicted)
2026-03-24T18:58:06.754+05:30 DEBUG 2828 --- [alumni-connect] [nnection closer] com.zaxxer.hikari.pool.PoolBase          : HikariPool-1 - Closing connection com.mysql.cj.jdbc.ConnectionImpl@1be95b9c: (connection evicted)
2026-03-24T18:58:06.755+05:30 DEBUG 2828 --- [alumni-connect] [nnection closer] com.zaxxer.hikari.pool.PoolBase          : HikariPool-1 - Closing connection com.mysql.cj.jdbc.ConnectionImpl@63450e33: (connection evicted)
2026-03-24T18:58:06.757+05:30 DEBUG 2828 --- [alumni-connect] [nnection closer] com.zaxxer.hikari.pool.PoolBase          : HikariPool-1 - Closing connection com.mysql.cj.jdbc.ConnectionImpl@333e63b7: (connection evicted)
2026-03-24T18:58:06.758+05:30 DEBUG 2828 --- [alumni-connect] [nnection closer] com.zaxxer.hikari.pool.PoolBase          : HikariPool-1 - Closing connection com.mysql.cj.jdbc.ConnectionImpl@4d2ea6f5: (connection evicted)
2026-03-24T18:58:06.759+05:30 DEBUG 2828 --- [alumni-connect] [nnection closer] com.zaxxer.hikari.pool.PoolBase          : HikariPool-1 - Closing connection com.mysql.cj.jdbc.ConnectionImpl@5b0b0f59: (connection evicted)
2026-03-24T18:58:06.760+05:30 DEBUG 2828 --- [alumni-connect] [nnection closer] com.zaxxer.hikari.pool.PoolBase          : HikariPool-1 - Closing connection com.mysql.cj.jdbc.ConnectionImpl@479ff27: (connection evicted)
2026-03-24T18:58:06.762+05:30 DEBUG 2828 --- [alumni-connect] [nnection closer] com.zaxxer.hikari.pool.PoolBase          : HikariPool-1 - Closing connection com.mysql.cj.jdbc.ConnectionImpl@295556c2: (connection evicted)
2026-03-24T18:58:06.764+05:30 DEBUG 2828 --- [alumni-connect] [nnection closer] com.zaxxer.hikari.pool.PoolBase          : HikariPool-1 - Closing connection com.mysql.cj.jdbc.ConnectionImpl@19c77b59: (connection evicted)
2026-03-24T18:58:06.764+05:30 DEBUG 2828 --- [alumni-connect] [nnection closer] com.zaxxer.hikari.pool.PoolBase          : HikariPool-1 - Closing connection com.mysql.cj.jdbc.ConnectionImpl@fbdf6c3: (connection evicted)
2026-03-24T18:58:06.765+05:30 DEBUG 2828 --- [alumni-connect] [nnection closer] com.zaxxer.hikari.pool.PoolBase          : HikariPool-1 - Closing connection com.mysql.cj.jdbc.ConnectionImpl@1e0a13d6: (connection evicted)
2026-03-24T18:58:06.766+05:30 DEBUG 2828 --- [alumni-connect] [nnection closer] com.zaxxer.hikari.pool.PoolBase          : HikariPool-1 - Closing connection com.mysql.cj.jdbc.ConnectionImpl@184c93d0: (connection evicted)
2026-03-24T18:58:06.767+05:30 DEBUG 2828 --- [alumni-connect] [nnection closer] com.zaxxer.hikari.pool.PoolBase          : HikariPool-1 - Closing connection com.mysql.cj.jdbc.ConnectionImpl@4767bccb: (connection evicted)
2026-03-24T18:58:06.767+05:30 DEBUG 2828 --- [alumni-connect] [nnection closer] com.zaxxer.hikari.pool.PoolBase          : HikariPool-1 - Closing connection com.mysql.cj.jdbc.ConnectionImpl@78622c35: (connection evicted)
2026-03-24T18:58:06.769+05:30 DEBUG 2828 --- [alumni-connect] [nnection closer] com.zaxxer.hikari.pool.PoolBase          : HikariPool-1 - Closing connection com.mysql.cj.jdbc.ConnectionImpl@45150f8: (connection evicted)
2026-03-24T18:58:06.770+05:30 DEBUG 2828 --- [alumni-connect] [nnection closer] com.zaxxer.hikari.pool.PoolBase          : HikariPool-1 - Closing connection com.mysql.cj.jdbc.ConnectionImpl@fb6f8e: (connection evicted)
2026-03-24T18:58:06.771+05:30 DEBUG 2828 --- [alumni-connect] [nnection closer] com.zaxxer.hikari.pool.PoolBase          : HikariPool-1 - Closing connection com.mysql.cj.jdbc.ConnectionImpl@420dbc6d: (connection evicted)
2026-03-24T18:58:06.773+05:30 DEBUG 2828 --- [alumni-connect] [nnection closer] com.zaxxer.hikari.pool.PoolBase          : HikariPool-1 - Closing connection com.mysql.cj.jdbc.ConnectionImpl@2a67f886: (connection evicted)
2026-03-24T18:58:06.773+05:30 DEBUG 2828 --- [alumni-connect] [nnection closer] com.zaxxer.hikari.pool.PoolBase          : HikariPool-1 - Closing connection com.mysql.cj.jdbc.ConnectionImpl@660c9cde: (connection evicted)
2026-03-24T18:58:06.775+05:30 DEBUG 2828 --- [alumni-connect] [           main] com.zaxxer.hikari.pool.HikariPool        : HikariPool-1 - After shutdown stats (total=0, active=0, idle=0, waiting=0)
2026-03-24T18:58:06.775+05:30  INFO 2828 --- [alumni-connect] [           main] com.zaxxer.hikari.HikariDataSource       : HikariPool-1 - Shutdown completed.
2026-03-24T18:58:06.801+05:30  INFO 2828 --- [alumni-connect] [           main] .s.b.a.l.ConditionEvaluationReportLogger : 

Error starting ApplicationContext. To display the condition evaluation report re-run your application with 'debug' enabled.
2026-03-24T18:58:06.826+05:30 ERROR 2828 --- [alumni-connect] [           main] o.s.b.d.LoggingFailureAnalysisReporter   : 

***************************
APPLICATION FAILED TO START
***************************

Description:

Web server failed to start. Port 8080 was already in use.

Action:

Identify and stop the process that's listening on port 8080 or configure this application to listen on another port.

[INFO] ------------------------------------------------------------------------
[INFO] BUILD FAILURE
[INFO] ------------------------------------------------------------------------
[INFO] Total time:  23.303 s
[INFO] Finished at: 2026-03-24T18:58:08+05:30
[INFO] ------------------------------------------------------------------------
[ERROR] Failed to execute goal org.springframework.boot:spring-boot-maven-plugin:3.2.0:run (default-cli) on project alumni-connect: Process terminated with exit code: 1 -> [Help 1]
[ERROR] 
[ERROR] To see the full stack trace of the errors, re-run Maven with the -e switch.
[ERROR] Re-run Maven using the -X switch to enable full debug logging.
[ERROR] 
[ERROR] For more information about the errors and possible solutions, please read the following articles:
[ERROR] [Help 1] http://cwiki.apache.org/confluence/display/MAVEN/MojoExecutionException
