[INFO] Scanning for projects...
[INFO] 
[INFO] ------------------< com.alumniconnect:alumni-connect >------------------
[INFO] Building Alumni Connect 1.0.0
[INFO]   from pom.xml
[INFO] --------------------------------[ jar ]---------------------------------
[INFO] 
[INFO] --- clean:3.3.2:clean (default-clean) @ alumni-connect ---
[INFO] Deleting C:\Users\pranj\OneDrive\Desktop\Campus Connect\backend\target
[INFO] ------------------------------------------------------------------------
[INFO] BUILD FAILURE
[INFO] ------------------------------------------------------------------------
[INFO] Total time:  2.642 s
[INFO] Finished at: 2026-01-26T11:39:52+05:30
[INFO] ------------------------------------------------------------------------
[ERROR] Failed to execute goal org.apache.maven.plugins:maven-clean-plugin:3.3.2:clean (default-clean) on project alumni-connect: Failed to clean project: Failed to delete C:\Users\pranj\OneDrive\Desktop\Campus Connect\backend\target\test-classes\com\alumniconnect -> [Help 1]
[ERROR] 
[ERROR] To see the full stack trace of the errors, re-run Maven with the -e switch.
[ERROR] Re-run Maven using the -X switch to enable full debug logging.
[ERROR] 
[ERROR] For more information about the errors and possible solutions, please read the following articles:
[ERROR] [Help 1] http://cwiki.apache.org/confluence/display/MAVEN/MojoExecutionException
