[INFO] Scanning for projects...
[INFO] 
[INFO] ------------------< com.alumniconnect:alumni-connect >------------------
[INFO] Building Alumni Connect 1.0.0
[INFO]   from pom.xml
[INFO] --------------------------------[ jar ]---------------------------------
[INFO] 
[INFO] --- clean:3.3.2:clean (default-clean) @ alumni-connect ---
[INFO] Deleting C:\Users\pranj\Downloads\p5\Campus Connect\backend\target
[INFO] 
[INFO] --- resources:3.3.1:resources (default-resources) @ alumni-connect ---
[INFO] Copying 3 resources from src\main\resources to target\classes
[INFO] Copying 14 resources from src\main\resources to target\classes
[INFO] 
[INFO] --- compiler:3.11.0:compile (default-compile) @ alumni-connect ---
[INFO] Changes detected - recompiling the module! :source
[INFO] Compiling 119 source files with javac [debug release 17] to target\classes
WARNING: A terminally deprecated method in sun.misc.Unsafe has been called
WARNING: sun.misc.Unsafe::objectFieldOffset has been called by lombok.permit.Permit
WARNING: Please consider reporting this to the maintainers of class lombok.permit.Permit
WARNING: sun.misc.Unsafe::objectFieldOffset will be removed in a future release
[INFO] /C:/Users/pranj/Downloads/p5/Campus Connect/backend/src/main/java/com/alumniconnect/service/llm/GeminiService.java: Some input files use or override a deprecated API.
[INFO] /C:/Users/pranj/Downloads/p5/Campus Connect/backend/src/main/java/com/alumniconnect/service/llm/GeminiService.java: Recompile with -Xlint:deprecation for details.
[INFO] ------------------------------------------------------------------------
[INFO] BUILD SUCCESS
[INFO] ------------------------------------------------------------------------
[INFO] Total time:  9.628 s
[INFO] Finished at: 2026-03-14T00:05:39+05:30
[INFO] ------------------------------------------------------------------------
